// Jest Snapshot v1, https://goo.gl/fbAQLP

exports[`renders correctly - loaded state 1`] = `
Array [
  <h1>
    Welcome to the Trivia Challenge!
  </h1>,
  <p>
    You will be presented with 10 True or False questions.
  </p>,
  <p>
    Can you score 100%?
  </p>,
  <div
    className="app-link"
    onClick={[Function]}
  >
    Begin
  </div>,
]
`;

exports[`renders correctly - loading state 1`] = `"Loading the quiz..."`;
